c:\users\colta\source\repos\peparser-ld\peparser-ld\x64\release\vc143.pdb
c:\users\colta\source\repos\peparser-ld\peparser-ld\x64\release\imgui_widgets.obj
c:\users\colta\source\repos\peparser-ld\peparser-ld\x64\release\imgui_tables.obj
c:\users\colta\source\repos\peparser-ld\peparser-ld\x64\release\imgui_impl_opengl3.obj
c:\users\colta\source\repos\peparser-ld\peparser-ld\x64\release\imgui_impl_glfw.obj
c:\users\colta\source\repos\peparser-ld\peparser-ld\x64\release\imgui_draw.obj
c:\users\colta\source\repos\peparser-ld\peparser-ld\x64\release\imgui_demo.obj
c:\users\colta\source\repos\peparser-ld\peparser-ld\x64\release\imgui.obj
c:\users\colta\source\repos\peparser-ld\peparser-ld\x64\release\main.obj
c:\users\colta\source\repos\peparser-ld\peparser-ld\x64\release\pe.obj
c:\users\colta\source\repos\peparser-ld\peparser-ld\x64\release\glad.obj
c:\users\colta\source\repos\peparser-ld\peparser-ld\x64\release\peparser-ld.ipdb
c:\users\colta\source\repos\peparser-ld\peparser-ld\x64\release\peparser-ld.iobj
c:\users\colta\source\repos\peparser-ld\x64\release\peparser-ld.pdb
c:\users\colta\source\repos\peparser-ld\x64\release\peparser-ld.exe
c:\users\colta\source\repos\peparser-ld\peparser-ld\x64\release\peparser-ld.tlog\cl.command.1.tlog
c:\users\colta\source\repos\peparser-ld\peparser-ld\x64\release\peparser-ld.tlog\cl.items.tlog
c:\users\colta\source\repos\peparser-ld\peparser-ld\x64\release\peparser-ld.tlog\cl.read.1.tlog
c:\users\colta\source\repos\peparser-ld\peparser-ld\x64\release\peparser-ld.tlog\cl.write.1.tlog
c:\users\colta\source\repos\peparser-ld\peparser-ld\x64\release\peparser-ld.tlog\link.command.1.tlog
c:\users\colta\source\repos\peparser-ld\peparser-ld\x64\release\peparser-ld.tlog\link.read.1.tlog
c:\users\colta\source\repos\peparser-ld\peparser-ld\x64\release\peparser-ld.tlog\link.secondary.1.tlog
c:\users\colta\source\repos\peparser-ld\peparser-ld\x64\release\peparser-ld.tlog\link.write.1.tlog
